-3g5yACwYnA$_$13 269 1.07
-3g5yACwYnA$_$2 461 1.67
-3g5yACwYnA$_$3 716 2.65
-3g5yACwYnA$_$9 434 1.6
-3nNcZdcdvU$_$5 389 1.42
-571d8cVauQ$_$0 249 0.85
-571d8cVauQ$_$5 755 2.89
-6rXp3zJ3kc$_$8 636 2.33
-9y-fZ3swSY$_$0 337 1.2
-9y-fZ3swSY$_$4 132 0.52
-9y-fZ3swSY$_$8 245 0.84
-AUZQgSxyPQ$_$2 1119 4.45
-HeZS2-Prhc$_$2 407 1.48
-HwX2H8Z4hY$_$2 195 0.75
-HwX2H8Z4hY$_$5 276 1.0
-HwX2H8Z4hY$_$6 162 0.63
-HwX2H8Z4hY$_$9 381 1.43
-I_e4mIh0yE$_$1 371 1.39
-I_e4mIh0yE$_$3 449 1.66
-MeTTeMJBNc$_$0 460 1.7
-MeTTeMJBNc$_$13 262 0.98
-MeTTeMJBNc$_$7 520 1.98
-NFrJFQijFE$_$1 282 1.02
-NFrJFQijFE$_$2 334 1.23
-RfYyzHpjk4$_$11 253 0.89
-RfYyzHpjk4$_$2 269 0.98
-RfYyzHpjk4$_$8 226 0.81
-THoVjtIkeU$_$12 740 2.72
-THoVjtIkeU$_$2 211 0.77
-THoVjtIkeU$_$6 398 1.42
-UUCSKoHeMA$_$0 386 1.64
-UacrmKiTn4$_$10 361 1.79
-UacrmKiTn4$_$4 233 0.82
-UuX1xuaiiE$_$0 178 0.71
-UuX1xuaiiE$_$1 513 1.93
-UuX1xuaiiE$_$3 201 0.71
-UuX1xuaiiE$_$6 396 1.44
-a55Q6RWvTA$_$3 1103 4.31
-aNfi7CP8vM$_$7 426 1.56
-aqamKhZ1Ec$_$0 544 1.99
-dxfTGcXJoc$_$0 1020 3.91
-dxfTGcXJoc$_$1 800 3.01
-dxfTGcXJoc$_$2 831 3.15
-dxfTGcXJoc$_$6 631 2.38
-egA8-b7-3M$_$1 507 1.82
-egA8-b7-3M$_$13 200 0.78
-egA8-b7-3M$_$16 273 0.94
-egA8-b7-3M$_$17 354 1.33
-egA8-b7-3M$_$18 413 1.52
-egA8-b7-3M$_$20 323 1.16
-egA8-b7-3M$_$26 295 1.15
-egA8-b7-3M$_$6 308 1.08
-egA8-b7-3M$_$9 246 0.92
-hnBHBN8p5A$_$6 316 1.12
-hnBHBN8p5A$_$7 365 1.38
-iRBcNs9oI8$_$3 276 0.98
-iRBcNs9oI8$_$6 140 0.65
-iRBcNs9oI8$_$7 200 0.73
-iRBcNs9oI8$_$8 401 1.48
-iRBcNs9oI8$_$9 168 0.62
-lzEya4AM_4$_$5 378 1.35
-lzEya4AM_4$_$6 736 2.73
-mJ2ud6oKI8$_$1 0 0.04
-mJ2ud6oKI8$_$2 0 0.04
-mJ2ud6oKI8$_$6 111 0.47
-mJ2ud6oKI8$_$8 208 0.84
-mJ2ud6oKI8$_$9 345 1.29
-mqbVkbCndg$_$0 319 1.2
-qDkUB0GgYY$_$6 230 0.86
-ri04Z7vwnc$_$0 137 0.53
-ri04Z7vwnc$_$2 295 1.02
-ri04Z7vwnc$_$5 171 0.68
-s9qJ7ATP7w$_$0 335 1.18
-s9qJ7ATP7w$_$1 231 0.87
-s9qJ7ATP7w$_$4 212 0.76
-s9qJ7ATP7w$_$5 419 1.56
-s9qJ7ATP7w$_$6 115 0.46
-s9qJ7ATP7w$_$7 341 1.28
-s9qJ7ATP7w$_$8 158 0.59
-t217m2on-s$_$2 281 1.06
-t217m2on-s$_$7 851 3.24
-tANM6ETl_M$_$3 329 1.19
-tPCytz4rww$_$10 233 0.82
-tPCytz4rww$_$11 268 0.97
-tPCytz4rww$_$12 586 2.23
-tPCytz4rww$_$16 356 1.32
-tPCytz4rww$_$18 328 1.18
-uywlfIYOS8$_$4 293 1.04
-vxjVxOeScU$_$4 451 1.66
-wMB_hJL-3o$_$7 298 1.01
-wny0OAz3g8$_$0 163 0.65
-wny0OAz3g8$_$1 338 1.2
-wny0OAz3g8$_$2 325 1.18
-wny0OAz3g8$_$3 304 1.06
-wny0OAz3g8$_$5 336 1.3
-wny0OAz3g8$_$7 395 1.47
-wny0OAz3g8$_$9 301 1.06
-yRb-Jum7EQ$_$1 1455 6.05
-yRb-Jum7EQ$_$5 651 2.59
-yRb-Jum7EQ$_$6 561 2.2
