 INFO     Setting up corpus information...                                      
 INFO     Loading corpus from source files...                                   
  54% ━━━━━━━━━━━━━━━━━━╸                 54/100  [ 0:00:01 < -:--:-- , ? it/s ]
 INFO     Found 54 speakers across 54 files, average number of utterances per   
          speaker: 1.0                                                          
 INFO     Initializing multiprocessing jobs...                                  
 INFO     Normalizing text...                                                   
 100% ━━━━━━━━━━━━━━━━━━━━━━━━━━━━━━━━━━━━ 54/54  [ 0:00:01 < 0:00:00 , ? it/s ]
 INFO     Generating pronunciations...                                          
 100% ━━━━━━━━━━━━━━━━━━━━━━━━━━━━━━━━━━━━━━ 2/2  [ 0:00:00 < 0:00:00 , ? it/s ]
 INFO     Generating MFCCs...                                                   
 100% ━━━━━━━━━━━━━━━━━━━━━━━━━━━━━━━━━━━━ 54/54  [ 0:00:02 < 0:00:00 , ? it/s ]
 INFO     Calculating CMVN...                                                   
 INFO     Generating final features...                                          
 100% ━━━━━━━━━━━━━━━━━━━━━━━━━━━━━━━━━━━━ 54/54  [ 0:00:01 < 0:00:00 , ? it/s ]
 INFO     Creating corpus split...                                              
 100% ━━━━━━━━━━━━━━━━━━━━━━━━━━━━━━━━━━━━ 54/54  [ 0:00:01 < 0:00:00 , ? it/s ]
 INFO     Compiling training graphs...                                          
 INFO     Performing first-pass alignment...                                    
 INFO     Generating alignments...                                              
 100% ━━━━━━━━━━━━━━━━━━━━━━━━━━━━━━━━━━━━ 54/54  [ 0:00:01 < 0:00:00 , ? it/s ]
 INFO     Collecting phone and word alignments from alignment lattices...       
 100% ━━━━━━━━━━━━━━━━━━━━━━━━━━━━━━━━━━━━ 54/54  [ 0:00:02 < 0:00:00 , ? it/s ]
 INFO     Analyzing alignment quality...                                        
 100% ━━━━━━━━━━━━━━━━━━━━━━━━━━━━━━━━━━━━ 54/54  [ 0:00:01 < 0:00:00 , ? it/s ]
 INFO     Exporting alignment TextGrids to                                      
          /workspace/huawei_e/问题三/results/evidence_navigation/local/raw...   
 100% ━━━━━━━━━━━━━━━━━━━━━━━━━━━━━━━━━━━ 54/54  [ 0:00:02 < 0:00:00 , 53 it/s ]
 INFO     Finished exporting TextGrids to                                       
          /workspace/huawei_e/问题三/results/evidence_navigation/local/raw!     
 INFO     Done! Everything took 37.095 seconds                                  
