 INFO     Setting up corpus information...                                      
 INFO     Loading corpus from source files...                                   
 100% ━━━━━━━━━━━━━━━━━━━━━━━━━━━━━━━━━ 236/100  [ 0:00:00 < 0:00:00 , 39 it/s ]
 INFO     Found 236 speakers across 236 files, average number of utterances per 
          speaker: 1.0                                                          
 INFO     Initializing multiprocessing jobs...                                  
 INFO     Normalizing text...                                                   
 100% ━━━━━━━━━━━━━━━━━━━━━━━━━━━━━━━━━━ 236/236  [ 0:00:01 < 0:00:00 , ? it/s ]
 INFO     Generating pronunciations...                                          
 100% ━━━━━━━━━━━━━━━━━━━━━━━━━━━━━━━━━━━━ 10/10  [ 0:00:01 < 0:00:00 , 7 it/s ]
 INFO     Generating MFCCs...                                                   
 100% ━━━━━━━━━━━━━━━━━━━━━━━━━━━━━━━━━━ 236/236  [ 0:00:02 < 0:00:00 , ? it/s ]
 INFO     Calculating CMVN...                                                   
 INFO     Generating final features...                                          
 100% ━━━━━━━━━━━━━━━━━━━━━━━━━━━━━━━━━━ 236/236  [ 0:00:01 < 0:00:00 , ? it/s ]
 INFO     Creating corpus split...                                              
 100% ━━━━━━━━━━━━━━━━━━━━━━━━━━━━━━━━━━ 236/236  [ 0:00:01 < 0:00:00 , ? it/s ]
 INFO     Compiling training graphs...                                          
 INFO     Performing first-pass alignment...                                    
 INFO     Generating alignments...                                              
 100% ━━━━━━━━━━━━━━━━━━━━━━━━━━━━━━━━━━ 236/236  [ 0:00:05 < 0:00:00 , ? it/s ]
 INFO     Collecting phone and word alignments from alignment lattices...       
 100% ━━━━━━━━━━━━━━━━━━━━━━━━━━━━━━━━━━ 236/236  [ 0:00:02 < 0:00:00 , ? it/s ]
 INFO     Analyzing alignment quality...                                        
 100% ━━━━━━━━━━━━━━━━━━━━━━━━━━━━━━━━━━ 236/236  [ 0:00:01 < 0:00:00 , ? it/s ]
 INFO     Exporting alignment TextGrids to                                      
          /workspace/huawei_e/问题1/data/whisper_local/raw...                   
 100% ━━━━━━━━━━━━━━━━━━━━━━━━━━━━━━━━ 236/236  [ 0:00:02 < 0:00:00 , 234 it/s ]
 INFO     Finished exporting TextGrids to                                       
          /workspace/huawei_e/问题1/data/whisper_local/raw!                     
 INFO     Done! Everything took 50.664 seconds                                  
