{"sample_id": "-3g5yACwYnA$_$13", "language": "en", "language_probability": 0.99951171875, "duration_after_vad": 5.399125, "transcript": "that we do. They've been able to find solutions or at least bring some answers to the table.", "elapsed_seconds": 0.511}
{"sample_id": "-3g5yACwYnA$_$3", "language": "en", "language_probability": 0.99658203125, "duration_after_vad": 14.151875, "transcript": "We're a huge user of adhesives for our operation called flocking, and we don't have the technical insight in from compounding or the technical expertise to do these types of things. So key brings.", "elapsed_seconds": 0.412}
{"sample_id": "-3g5yACwYnA$_$2", "language": "en", "language_probability": 0.9931640625, "duration_after_vad": 8.9593125, "transcript": "operations. Key follower brings a technical aspect to our operation that we don't have internally.", "elapsed_seconds": 0.248}
{"sample_id": "-3g5yACwYnA$_$9", "language": "en", "language_probability": 0.998046875, "duration_after_vad": 8.456125, "transcript": "Like, we have many new opportunities through the way things have changed through the years. I'm looking for new niche high-end value-added products.", "elapsed_seconds": 0.306}
{"sample_id": "-3nNcZdcdvU$_$5", "language": "en", "language_probability": 0.998046875, "duration_after_vad": 7.4765625, "transcript": "Noncompliance can resolve in legal liability to you and to the school district in which you are employed.", "elapsed_seconds": 0.243}
{"sample_id": "-HwX2H8Z4hY$_$2", "language": "en", "language_probability": 0.99951171875, "duration_after_vad": 2.5878125, "transcript": "Look at the record.", "elapsed_seconds": 0.171}
{"sample_id": "-HwX2H8Z4hY$_$5", "language": "en", "language_probability": 0.998046875, "duration_after_vad": 4.9120625, "transcript": "President Ronald Reagan blamed the professional bureaucracy of education.", "elapsed_seconds": 0.187}
{"sample_id": "-HwX2H8Z4hY$_$6", "language": "en", "language_probability": 0.99755859375, "duration_after_vad": 2.912, "transcript": "And in part, Al Schenker did too.", "elapsed_seconds": 0.189}
{"sample_id": "-HwX2H8Z4hY$_$9", "language": "en", "language_probability": 0.9716796875, "duration_after_vad": 7.2923125, "transcript": "It is a word with which the administrator uses when he turns around, anything which he doesn't like the teacher is doing, he says, you...", "elapsed_seconds": 0.322}
{"sample_id": "-NFrJFQijFE$_$1", "language": "en", "language_probability": 0.435546875, "duration_after_vad": 0.0, "transcript": "", "elapsed_seconds": 0.06}
{"sample_id": "-NFrJFQijFE$_$2", "language": "en", "language_probability": 0.98193359375, "duration_after_vad": 3.2183125, "transcript": "Hawk's sense of hearing is excellent, and their eyes are", "elapsed_seconds": 0.204}
{"sample_id": "-THoVjtIkeU$_$12", "language": "en", "language_probability": 0.998046875, "duration_after_vad": 14.5975625, "transcript": "Whatever we turn our attention to is what grows, and so if we believe that anything is possible, if we believe that social justice can be achieved, and if we believe in youth, they will believe in themselves.", "elapsed_seconds": 0.352}
{"sample_id": "-THoVjtIkeU$_$2", "language": "en", "language_probability": 0.99365234375, "duration_after_vad": 4.230875, "transcript": "I think social justice is extremely important for young people.", "elapsed_seconds": 0.208}
{"sample_id": "-THoVjtIkeU$_$6", "language": "en", "language_probability": 0.98388671875, "duration_after_vad": 7.982875, "transcript": "I think that listening to young people, taking in what they have to say, because what we've seen all around the world is the power of youth.", "elapsed_seconds": 0.313}
{"sample_id": "-UuX1xuaiiE$_$1", "language": "en", "language_probability": 0.998046875, "duration_after_vad": 9.9875, "transcript": "and all of them are really being able to explore these different areas in depth in a way that really wasn't available before the center was here.", "elapsed_seconds": 0.304}
{"sample_id": "-UuX1xuaiiE$_$0", "language": "en", "language_probability": 0.98974609375, "duration_after_vad": 3.575875, "transcript": "It's amazing to see their enthusiasm and their passion.", "elapsed_seconds": 0.203}
{"sample_id": "-UuX1xuaiiE$_$3", "language": "en", "language_probability": 0.99365234375, "duration_after_vad": 4.038375, "transcript": "My goal is to become a human rights lawyer.", "elapsed_seconds": 0.208}
{"sample_id": "-UuX1xuaiiE$_$6", "language": "en", "language_probability": 0.9951171875, "duration_after_vad": 7.5998125, "transcript": "I ended up going to work for the U.S. government as an intelligence analyst specializing in war crimes and human rights issues.", "elapsed_seconds": 0.305}
{"sample_id": "-a55Q6RWvTA$_$3", "language": "en", "language_probability": 0.9970703125, "duration_after_vad": 22.0833125, "transcript": "And if you clip coupons, if you don't go out for dinner, and movies, and things of that nature, and try to take up things in life that, well, they always say, the best things in life are free. Reading a book, going for a nice walk, and of course combining exercise and various things of that nature, where you're not spending money, per se.", "elapsed_seconds": 0.587}
{"sample_id": "-aNfi7CP8vM$_$7", "language": "en", "language_probability": 0.99560546875, "duration_after_vad": 8.1936875, "transcript": "Maybe they have no political party affiliation, they're not interested in politics, they could care less about politics.", "elapsed_seconds": 0.274}
{"sample_id": "-aqamKhZ1Ec$_$0", "language": "en", "language_probability": 0.97314453125, "duration_after_vad": 10.6741875, "transcript": "In 2008, there were very serious tribal warfare in Kenya and even following a disputed election.", "elapsed_seconds": 0.271}
{"sample_id": "-dxfTGcXJoc$_$1", "language": "en", "language_probability": 0.9990234375, "duration_after_vad": 15.530125, "transcript": "For the 10th straight year, some of Kentucky's best and most innovative biotech companies and technologies were on display at the annual Bio-International Convention, which I and other state officials attended this week in Chicago.", "elapsed_seconds": 0.42}
{"sample_id": "-dxfTGcXJoc$_$0", "language": "en", "language_probability": 1.0, "duration_after_vad": 19.474375, "transcript": "This is Governor Steve Beshear ... About Kentucky. Our state is home to more than 1,500 bioscience and life science companies and more than 100,000 people who work for these firms, in areas from nutrigenomics and pharmaceuticals to nanotechnology and medical devices.", "elapsed_seconds": 0.48}
{"sample_id": "-dxfTGcXJoc$_$2", "language": "en", "language_probability": 0.99951171875, "duration_after_vad": 16.2891875, "transcript": "An estimated 20,000 biotech scientists, executives and industry experts from more than 50 nations were at the Bioconference to learn about the latest scientific advances and to exchange ideas and establish business relationships.", "elapsed_seconds": 0.418}
{"sample_id": "-dxfTGcXJoc$_$6", "language": "en", "language_probability": 0.998046875, "duration_after_vad": 12.3804375, "transcript": "Kentucky's participation at the annual Bio-International Convention is the primary means by which our high-tech companies and institutions can reach out to the global scientific community.", "elapsed_seconds": 0.325}
{"sample_id": "-egA8-b7-3M$_$26", "language": "en", "language_probability": 0.98876953125, "duration_after_vad": 5.9205625, "transcript": "We're updating it all the time and looking forward to your comments on our videos.", "elapsed_seconds": 0.228}
{"sample_id": "-egA8-b7-3M$_$17", "language": "en", "language_probability": 0.994140625, "duration_after_vad": 6.19125, "transcript": "As you have more experience, you have more times exhibiting, you get to know more people.", "elapsed_seconds": 0.237}
{"sample_id": "-egA8-b7-3M$_$18", "language": "en", "language_probability": 0.99755859375, "duration_after_vad": 7.9536875, "transcript": "It becomes easier at each one of these conferences to connect with people that you've met or that you're doing business with.", "elapsed_seconds": 0.265}
{"sample_id": "-egA8-b7-3M$_$16", "language": "en", "language_probability": 0.998046875, "duration_after_vad": 5.139, "transcript": "Third, another big benefit of exhibiting is connecting with existing clients.", "elapsed_seconds": 0.212}
{"sample_id": "-egA8-b7-3M$_$13", "language": "en", "language_probability": 0.99755859375, "duration_after_vad": 3.679875, "transcript": "What are you doing that's different? They always want an answer.", "elapsed_seconds": 0.214}
{"sample_id": "-egA8-b7-3M$_$1", "language": "en", "language_probability": 0.9970703125, "duration_after_vad": 10.15625, "transcript": "I have started a successful legal nurse consulting business in 1989. I mentor nurses who want to become legal nurse consultants.", "elapsed_seconds": 0.294}
{"sample_id": "-egA8-b7-3M$_$6", "language": "en", "language_probability": 0.9951171875, "duration_after_vad": 5.488, "transcript": "First, exhibiting is a wonderful opportunity to network with other legal vendors.", "elapsed_seconds": 0.214}
{"sample_id": "-egA8-b7-3M$_$9", "language": "en", "language_probability": 0.994140625, "duration_after_vad": 4.592125, "transcript": "Secondly, another goal of exhibiting is building your company image.", "elapsed_seconds": 0.199}
{"sample_id": "-egA8-b7-3M$_$20", "language": "en", "language_probability": 0.9990234375, "duration_after_vad": 6.1624375, "transcript": "Now you've got a face that you can connect with a voice and that makes you closer to that client.", "elapsed_seconds": 0.252}
{"sample_id": "-iRBcNs9oI8$_$3", "language": "en", "language_probability": 0.99755859375, "duration_after_vad": 5.17825, "transcript": "is going to help you on your tests, such as TOEFL, IELTS, or university.", "elapsed_seconds": 0.24}
{"sample_id": "-iRBcNs9oI8$_$7", "language": "en", "language_probability": 0.99169921875, "duration_after_vad": 4.00575, "transcript": "interview. And this secret will also help you if you ever", "elapsed_seconds": 0.191}
{"sample_id": "-iRBcNs9oI8$_$6", "language": "en", "language_probability": 0.9970703125, "duration_after_vad": 2.8204375, "transcript": "to help you if you have an English job interview.", "elapsed_seconds": 0.191}
{"sample_id": "-iRBcNs9oI8$_$9", "language": "en", "language_probability": 0.99853515625, "duration_after_vad": 2.424, "transcript": "of power pose.", "elapsed_seconds": 0.166}
{"sample_id": "-iRBcNs9oI8$_$8", "language": "en", "language_probability": 0.99853515625, "duration_after_vad": 7.4020625, "transcript": "decide to ask out that special someone. So what is the secret I'm telling you about? Well, it is the secret...", "elapsed_seconds": 0.298}
{"sample_id": "-lzEya4AM_4$_$5", "language": "en", "language_probability": 0.9990234375, "duration_after_vad": 6.8096875, "transcript": "If it falls into any of those three categories, inducing nausea and vomiting would be your next step.", "elapsed_seconds": 0.256}
{"sample_id": "-lzEya4AM_4$_$6", "language": "en", "language_probability": 0.998046875, "duration_after_vad": 14.396375, "transcript": "If the product or poison is some type of petroleum product or corrosive product, you would not attempt to induce vomiting and nausea. As the product burned on the way down, it could cause damage and burning on the way back up.", "elapsed_seconds": 0.392}
{"sample_id": "-mJ2ud6oKI8$_$1", "language": "en", "language_probability": 0.435546875, "duration_after_vad": 0.0, "transcript": "", "elapsed_seconds": 0.06}
{"sample_id": "-mJ2ud6oKI8$_$2", "language": "en", "language_probability": 0.435546875, "duration_after_vad": 0.0, "transcript": "", "elapsed_seconds": 0.06}
{"sample_id": "-mJ2ud6oKI8$_$6", "language": "en", "language_probability": 0.99462890625, "duration_after_vad": 2.228125, "transcript": "that we all want to approach really any...", "elapsed_seconds": 0.186}
{"sample_id": "-mJ2ud6oKI8$_$9", "language": "en", "language_probability": 0.9921875, "duration_after_vad": 6.90875, "transcript": "to find out because you might have hip ulcer arthritis but then you could also have other, you know, dysfunctions around here.", "elapsed_seconds": 0.335}
{"sample_id": "-mJ2ud6oKI8$_$8", "language": "en", "language_probability": 0.98974609375, "duration_after_vad": 3.571375, "transcript": "We want to evaluate them, you know, give them a full, thorough evaluation to find...", "elapsed_seconds": 0.245}
{"sample_id": "-mqbVkbCndg$_$0", "language": "en", "language_probability": 0.85595703125, "duration_after_vad": 6.3855, "transcript": "How, at a particular moment in time, our moments in time, are they limited?", "elapsed_seconds": 0.225}
{"sample_id": "-t217m2on-s$_$2", "language": "en", "language_probability": 0.99560546875, "duration_after_vad": 4.944, "transcript": "But a good thing to do is yawning. Chewing gum is effective.", "elapsed_seconds": 0.209}
{"sample_id": "-t217m2on-s$_$7", "language": "en", "language_probability": 0.9990234375, "duration_after_vad": 16.368, "transcript": "If you find that your ears persistently do this and you can't pop them often, you'll definitely need to see a physician regarding those things. It could be something more of a nasal infection or a sinus infection that he would need to deal with.", "elapsed_seconds": 0.418}
{"sample_id": "-tANM6ETl_M$_$3", "language": "en", "language_probability": 0.998046875, "duration_after_vad": 6.259625, "transcript": "The first place is either you have a prospect or a customer who's never done it before. They've never tried it.", "elapsed_seconds": 0.272}
{"sample_id": "-tPCytz4rww$_$11", "language": "en", "language_probability": 0.99951171875, "duration_after_vad": 5.3785625, "transcript": "know, make sure that you're using comps that are no larger than 1,200 square feet, no less than 1,000 feet.", "elapsed_seconds": 0.321}
{"sample_id": "-tPCytz4rww$_$10", "language": "en", "language_probability": 0.9990234375, "duration_after_vad": 4.6788125, "transcript": "footage say 20% so if you've got a thousand square foot condo make sure", "elapsed_seconds": 0.236}
{"sample_id": "-tPCytz4rww$_$12", "language": "en", "language_probability": 0.99951171875, "duration_after_vad": 11.5601875, "transcript": "square feet no less than 800 square feet. They're going to be similar and similar with bedrooms and bathrooms as well and hopefully the complexes have similar amenities.", "elapsed_seconds": 0.301}
{"sample_id": "-tPCytz4rww$_$16", "language": "en", "language_probability": 0.9990234375, "duration_after_vad": 7.1391875, "transcript": "So make sure to get a thorough or to do a thorough cleaning of the property if you need", "elapsed_seconds": 0.235}
{"sample_id": "-tPCytz4rww$_$18", "language": "en", "language_probability": 0.99951171875, "duration_after_vad": 6.5688125, "transcript": "out, do so, and as well you'll also want to remove any clutter from the home that you've accumulated over.", "elapsed_seconds": 0.276}
{"sample_id": "-vxjVxOeScU$_$4", "language": "en", "language_probability": 0.99560546875, "duration_after_vad": 9.0370625, "transcript": "You're going to talk about their life, their marriage, and usually how amazing it is that they've stayed together this long.", "elapsed_seconds": 0.299}
{"sample_id": "-wMB_hJL-3o$_$7", "language": "en", "language_probability": 0.99853515625, "duration_after_vad": 5.6315625, "transcript": "So, if you have a loved one who is depressed, those are some of the things that you should think about doing.", "elapsed_seconds": 0.291}
{"sample_id": "-wny0OAz3g8$_$1", "language": "en", "language_probability": 0.99951171875, "duration_after_vad": 6.7765625, "transcript": "to join. And because they couldn't join unions, many black workers couldn't get manufacturing or trade work, which paid much better than service work. And because", "elapsed_seconds": 0.309}
{"sample_id": "-wny0OAz3g8$_$0", "language": "en", "language_probability": 0.99853515625, "duration_after_vad": 3.09, "transcript": "trade labor unions didn't allow black workers to join and because they", "elapsed_seconds": 0.216}
{"sample_id": "-wny0OAz3g8$_$3", "language": "en", "language_probability": 0.99951171875, "duration_after_vad": 6.099875, "transcript": "behavior, which then allowed the white workers and unions to justify their decision to not allow black workers into their union.", "elapsed_seconds": 0.259}
{"sample_id": "-wny0OAz3g8$_$2", "language": "en", "language_probability": 0.99951171875, "duration_after_vad": 6.5226875, "transcript": "service work. And because they couldn't get these jobs, black communities had more men out of work, higher rates of poverty, and more criminal behavior.", "elapsed_seconds": 0.36}
{"sample_id": "-wny0OAz3g8$_$5", "language": "en", "language_probability": 0.99951171875, "duration_after_vad": 6.7414375, "transcript": "themselves. This is what's now known as racial formation theory, a theory formalized by modern sociologists Michael Omi and Howard Winant.", "elapsed_seconds": 0.304}
{"sample_id": "-wny0OAz3g8$_$7", "language": "en", "language_probability": 0.9990234375, "duration_after_vad": 7.9105, "transcript": "forces. Omi and Wynne had argued that the concept of race came about as a tool to justify and maintain the economic and political power held by those of European descent.", "elapsed_seconds": 0.34}
{"sample_id": "-wny0OAz3g8$_$9", "language": "en", "language_probability": 0.9990234375, "duration_after_vad": 6.0435, "transcript": "Wilson. He explores why black and white Americans tend to have such different outcomes in terms of income, education, and more.", "elapsed_seconds": 0.279}
{"sample_id": "-571d8cVauQ$_$0", "language": "en", "language_probability": 0.99072265625, "duration_after_vad": 4.1043125, "transcript": "This is Rhett Ryger, White Caspian Studios, on behalf of Expert Village.", "elapsed_seconds": 0.227}
{"sample_id": "-571d8cVauQ$_$5", "language": "en", "language_probability": 0.99658203125, "duration_after_vad": 15.11525, "transcript": "us. So very important to go out to the locations, walk around, talk with the owners if you can, tell them what you're doing, build a little excitement, put a little glitz on there, and let everybody know this is a very valuable spot. This is gonna", "elapsed_seconds": 0.463}
{"sample_id": "-I_e4mIh0yE$_$1", "language": "en", "language_probability": 0.9833984375, "duration_after_vad": 7.4443125, "transcript": "In the United States, we don't punish failure to the degree to which failure is punished in Europe.", "elapsed_seconds": 0.245}
{"sample_id": "-I_e4mIh0yE$_$3", "language": "en", "language_probability": 0.994140625, "duration_after_vad": 8.650375, "transcript": "It's perceived that you've actually learned something over the course of your career and that you won't make the mistake twice.", "elapsed_seconds": 0.295}
{"sample_id": "-UacrmKiTn4$_$10", "language": "en", "language_probability": 0.99951171875, "duration_after_vad": 7.2420625, "transcript": "reading it because if they are not in any way held accountable for reading the material, they won't do it.", "elapsed_seconds": 0.277}
{"sample_id": "-UacrmKiTn4$_$4", "language": "en", "language_probability": 0.99755859375, "duration_after_vad": 4.6819375, "transcript": "just given to their own devices, they are not going to read the textbook.", "elapsed_seconds": 0.228}
{"sample_id": "-hnBHBN8p5A$_$7", "language": "en", "language_probability": 0.9873046875, "duration_after_vad": 6.3165625, "transcript": "the majority of an entire nation to believe and trust his or her words, isn't that?", "elapsed_seconds": 0.244}
{"sample_id": "-hnBHBN8p5A$_$6", "language": "en", "language_probability": 0.98486328125, "duration_after_vad": 4.9168125, "transcript": "to follow just one mission. Have you ever wondered how a single person", "elapsed_seconds": 0.246}
{"sample_id": "-qDkUB0GgYY$_$6", "language": "en", "language_probability": 0.99267578125, "duration_after_vad": 4.6146875, "transcript": "with us. We always love to hear what you have to say and like and share this video as well.", "elapsed_seconds": 0.254}
{"sample_id": "-uywlfIYOS8$_$4", "language": "en", "language_probability": 0.998046875, "duration_after_vad": 5.881125, "transcript": "is not overdeveloped, and then from a brand point of view, we need to make sure that we're driving the relevant insights.", "elapsed_seconds": 0.317}
{"sample_id": "-6rXp3zJ3kc$_$8", "language": "en", "language_probability": 0.99951171875, "duration_after_vad": 12.738, "transcript": "aware of, many people are not, until they get to be older age and they realize that, gosh, they've wasted a lot of time and money in placing bets on stock that's ultimately lost value.", "elapsed_seconds": 0.374}
{"sample_id": "-9y-fZ3swSY$_$0", "language": "en", "language_probability": 0.986328125, "duration_after_vad": 6.757, "transcript": "You can say, hey, you know what? I really like baby's kid. They're so soft. They don't have any hair on the face. It's so", "elapsed_seconds": 0.303}
{"sample_id": "-9y-fZ3swSY$_$4", "language": "en", "language_probability": 0.99658203125, "duration_after_vad": 2.5128125, "transcript": "I've seen this in U.S. or in the U.S.", "elapsed_seconds": 0.216}
{"sample_id": "-9y-fZ3swSY$_$8", "language": "en", "language_probability": 0.998046875, "duration_after_vad": 4.917, "transcript": "them. That's a more decent and more polite way to call a lady.", "elapsed_seconds": 0.22}
{"sample_id": "-AUZQgSxyPQ$_$2", "language": "en", "language_probability": 0.99853515625, "duration_after_vad": 21.6445625, "transcript": "the perfect sole make to declare signet spot therapy brush. This gentle pH balanced and hydrating exfoliant contains jojoba and acai fruit oils with bamboo and prickly bear extracts. These deliver intense healing while smooth granules buff away dead dry skin cells.", "elapsed_seconds": 0.531}
{"sample_id": "-HeZS2-Prhc$_$2", "language": "en", "language_probability": 0.9833984375, "duration_after_vad": 7.910875, "transcript": "today. The August jobs report is out and it was seen overall as solid but not great.", "elapsed_seconds": 0.247}
{"sample_id": "-MeTTeMJBNc$_$0", "language": "en", "language_probability": 0.9970703125, "duration_after_vad": 8.4583125, "transcript": "Okay, what happens at this point after we've taken this brief walk down memory lane is the presentation of the gift", "elapsed_seconds": 0.256}
{"sample_id": "-MeTTeMJBNc$_$13", "language": "en", "language_probability": 0.9990234375, "duration_after_vad": 5.2555, "transcript": "it is. Jess needs to be a simple statement and then you present the gift.", "elapsed_seconds": 0.236}
{"sample_id": "-MeTTeMJBNc$_$7", "language": "en", "language_probability": 0.99755859375, "duration_after_vad": 10.4113125, "transcript": "Maybe you could find a picture of the couple from their wedding or some time in their life, or maybe even a current picture and have it put in a beautiful frame.", "elapsed_seconds": 0.326}
{"sample_id": "-RfYyzHpjk4$_$11", "language": "en", "language_probability": 0.9990234375, "duration_after_vad": 4.666875, "transcript": "So get your friends lined up, get your business colleagues lined up and have a good time.", "elapsed_seconds": 0.232}
{"sample_id": "-RfYyzHpjk4$_$8", "language": "en", "language_probability": 0.99072265625, "duration_after_vad": 4.532375, "transcript": "It's pretty, pretty easy to do, but you've got to set up those numbers ahead of time.", "elapsed_seconds": 0.266}
{"sample_id": "-RfYyzHpjk4$_$2", "language": "en", "language_probability": 0.97998046875, "duration_after_vad": 5.0798125, "transcript": "It can make a confidence call, but it takes quite a bit of planning. Well, not a lot of planning. It's pretty easy to do.", "elapsed_seconds": 0.327}
{"sample_id": "-UUCSKoHeMA$_$0", "language": "en", "language_probability": 0.9990234375, "duration_after_vad": 6.71625, "transcript": "Okay, I mentioned a word in the last clip called monotone and I want to talk about that briefly what you", "elapsed_seconds": 0.257}
{"sample_id": "-ri04Z7vwnc$_$0", "language": "en", "language_probability": 0.435546875, "duration_after_vad": 0.0, "transcript": "", "elapsed_seconds": 0.057}
{"sample_id": "-ri04Z7vwnc$_$2", "language": "en", "language_probability": 0.79443359375, "duration_after_vad": 2.121375, "transcript": "Hi, I'm Ajanta.", "elapsed_seconds": 0.173}
{"sample_id": "-ri04Z7vwnc$_$5", "language": "en", "language_probability": 0.833984375, "duration_after_vad": 3.43975, "transcript": "And a lot of people who are working, you know, money is very important.", "elapsed_seconds": 0.218}
{"sample_id": "-s9qJ7ATP7w$_$1", "language": "en", "language_probability": 0.99462890625, "duration_after_vad": 4.2998125, "transcript": "The hardest thing in life to learn is to lose. Winning's easy.", "elapsed_seconds": 0.225}
{"sample_id": "-s9qJ7ATP7w$_$0", "language": "en", "language_probability": 0.99169921875, "duration_after_vad": 6.7105625, "transcript": "They lose in a Ferrari race or they lose in a race and then they just give up.", "elapsed_seconds": 0.26}
{"sample_id": "-s9qJ7ATP7w$_$5", "language": "en", "language_probability": 0.99365234375, "duration_after_vad": 8.397875, "transcript": "We have, I have been beat up and put down and everything that can go wrong has gone wrong for me, but", "elapsed_seconds": 0.26}
{"sample_id": "-s9qJ7ATP7w$_$4", "language": "en", "language_probability": 0.99755859375, "duration_after_vad": 4.246875, "transcript": "keep going. I have lost that everything you can imagine. Seriously, we have", "elapsed_seconds": 0.212}
{"sample_id": "-s9qJ7ATP7w$_$7", "language": "en", "language_probability": 0.99462890625, "duration_after_vad": 6.8385625, "transcript": "I used to work for Warren Avis, the guy who started Avis Renekar, and he sets me one day, Robert, what's the purpose of business?", "elapsed_seconds": 0.32}
{"sample_id": "-s9qJ7ATP7w$_$6", "language": "en", "language_probability": 0.9951171875, "duration_after_vad": 2.3148125, "transcript": "for me, but I just kept going.", "elapsed_seconds": 0.183}
{"sample_id": "-s9qJ7ATP7w$_$8", "language": "en", "language_probability": 0.99755859375, "duration_after_vad": 3.18425, "transcript": "business and I said oh make a profit and all these other things they said no.", "elapsed_seconds": 0.229}
{"sample_id": "-yRb-Jum7EQ$_$1", "language": "he", "language_probability": 0.9580078125, "duration_after_vad": 25.90175, "transcript": "הוא בא מסיוע ומתססה של מדינות ומשטרים, אתמול איראן היהודייה שהיא הולכת לממן את המשפחות של הטרוריסטים המרצחים, וזה מראה שאיראן אחר הסכם הגרעין ממשיכה בסיוע לתרור גם שם, גם הטרור הפלסטיני, גם הטרור של חיז בלה, כמובן גם בסיוע לחמאס.", "elapsed_seconds": 1.311}
{"sample_id": "-yRb-Jum7EQ$_$5", "language": "he", "language_probability": 0.94140625, "duration_after_vad": 12.1805625, "transcript": "אתמול אליאב גודמן זיכרונו לברכה איבדת חייו במעלך של התקפה נוספת והפעם לא של תלמידי הטרור אלא של מכנחי הטרור, של מורי פלסטין", "elapsed_seconds": 0.807}
{"sample_id": "-yRb-Jum7EQ$_$6", "language": "he", "language_probability": 0.99609375, "duration_after_vad": 9.1705625, "transcript": "ולכן העולם צריך להתייצב עם ישראל, נגד ההשתה הזאת, שהיא גורם מספר אחד לטבור. אני מודה לכם. תודה רבה.", "elapsed_seconds": 0.69}
