1 -3g5yACwYnA$_$13 18 0.89
2 -3g5yACwYnA$_$2 14 0.62
3 -3g5yACwYnA$_$3 34 1.0
4 -3g5yACwYnA$_$9 24 0.83
5 -3nNcZdcdvU$_$5 19 0.71
6 -571d8cVauQ$_$0 12 0.62
7 -571d8cVauQ$_$5 46 1.14
8 -6rXp3zJ3kc$_$8 36 1.04
9 -9y-fZ3swSY$_$0 25 0.84
10 -9y-fZ3swSY$_$4 9 0.46
11 -9y-fZ3swSY$_$8 14 0.66
12 -AUZQgSxyPQ$_$2 41 1.21
13 -HeZS2-Prhc$_$2 17 0.67
14 -HwX2H8Z4hY$_$2 5 0.41
15 -HwX2H8Z4hY$_$5 9 0.47
16 -HwX2H8Z4hY$_$6 7 0.46
17 -HwX2H8Z4hY$_$9 22 0.74
18 -I_e4mIh0yE$_$1 18 0.73
19 -I_e4mIh0yE$_$3 21 0.72
20 -MeTTeMJBNc$_$0 22 1.06
21 -MeTTeMJBNc$_$13 15 0.62
22 -MeTTeMJBNc$_$7 32 0.95
23 -NFrJFQijFE$_$1 3 0.56
24 -NFrJFQijFE$_$2 11 0.64
25 -RfYyzHpjk4$_$11 17 0.73
26 -RfYyzHpjk4$_$2 25 0.9
27 -RfYyzHpjk4$_$8 17 0.74
28 -THoVjtIkeU$_$12 38 1.09
29 -THoVjtIkeU$_$2 10 0.59
30 -THoVjtIkeU$_$6 29 0.78
31 -UUCSKoHeMA$_$0 22 1.18
32 -UacrmKiTn4$_$10 20 0.63
33 -UacrmKiTn4$_$4 15 0.58
34 -UuX1xuaiiE$_$0 9 0.51
35 -UuX1xuaiiE$_$1 27 0.81
36 -UuX1xuaiiE$_$3 9 0.5
37 -UuX1xuaiiE$_$6 23 0.72
38 -a55Q6RWvTA$_$3 65 1.53
39 -aNfi7CP8vM$_$7 18 0.73
40 -aqamKhZ1Ec$_$0 16 0.58
41 -dxfTGcXJoc$_$0 45 1.56
42 -dxfTGcXJoc$_$1 35 1.02
43 -dxfTGcXJoc$_$2 34 1.09
44 -dxfTGcXJoc$_$6 28 0.84
45 -egA8-b7-3M$_$1 21 0.7
46 -egA8-b7-3M$_$13 11 0.66
47 -egA8-b7-3M$_$16 11 0.55
48 -egA8-b7-3M$_$17 16 0.66
49 -egA8-b7-3M$_$18 22 0.72
50 -egA8-b7-3M$_$20 20 0.71
51 -egA8-b7-3M$_$26 16 0.57
52 -egA8-b7-3M$_$6 12 0.54
53 -egA8-b7-3M$_$9 10 0.52
54 -hnBHBN8p5A$_$6 13 0.55
55 -hnBHBN8p5A$_$7 14 0.72
56 -iRBcNs9oI8$_$3 14 0.74
57 -iRBcNs9oI8$_$6 9 0.46
58 -iRBcNs9oI8$_$7 11 0.63
59 -iRBcNs9oI8$_$8 22 0.69
60 -iRBcNs9oI8$_$9 3 0.39
61 -lzEya4AM_4$_$5 18 0.84
62 -lzEya4AM_4$_$6 42 1.18
63 -mJ2ud6oKI8$_$1 0 0.04
64 -mJ2ud6oKI8$_$2 0 0.04
65 -mJ2ud6oKI8$_$6 8 0.5
66 -mJ2ud6oKI8$_$8 15 0.53
67 -mJ2ud6oKI8$_$9 21 0.66
68 -mqbVkbCndg$_$0 14 0.57
69 -qDkUB0GgYY$_$6 20 0.65
70 -ri04Z7vwnc$_$0 2 0.36
71 -ri04Z7vwnc$_$2 3 0.41
72 -ri04Z7vwnc$_$5 14 0.61
73 -s9qJ7ATP7w$_$0 22 0.76
74 -s9qJ7ATP7w$_$1 14 0.7
75 -s9qJ7ATP7w$_$4 13 0.52
76 -s9qJ7ATP7w$_$5 19 0.68
77 -s9qJ7ATP7w$_$6 7 0.45
78 -s9qJ7ATP7w$_$7 32 1.0
79 -s9qJ7ATP7w$_$8 16 0.59
80 -t217m2on-s$_$2 11 0.63
81 -t217m2on-s$_$7 45 0.99
82 -tANM6ETl_M$_$3 21 0.76
83 -tPCytz4rww$_$10 15 0.67
84 -tPCytz4rww$_$11 18 0.74
85 -tPCytz4rww$_$12 27 0.77
86 -tPCytz4rww$_$16 19 0.7
87 -tPCytz4rww$_$18 19 0.75
88 -uywlfIYOS8$_$4 19 0.7
89 -vxjVxOeScU$_$4 21 0.69
90 -wMB_hJL-3o$_$7 22 0.68
91 -wny0OAz3g8$_$0 12 0.5
92 -wny0OAz3g8$_$1 46 1.67
93 -wny0OAz3g8$_$2 23 0.9
94 -wny0OAz3g8$_$3 21 0.72
95 -wny0OAz3g8$_$5 21 0.76
96 -wny0OAz3g8$_$7 29 0.83
97 -wny0OAz3g8$_$9 21 0.9
98 -yRb-Jum7EQ$_$1 43 1.21
99 -yRb-Jum7EQ$_$5 30 0.94
100 -yRb-Jum7EQ$_$6 19 0.68
