Some weights of Wav2Vec2ForCTC were not initialized from the model checkpoint at /workspace/q1-models/ctc and are newly initialized: ['wav2vec2.masked_spec_embed']
You should probably TRAIN this model on a down-stream task to be able to use it for predictions and inference.
-3g5yACwYnA$_$13 supported 11 0.45
-3g5yACwYnA$_$2 supported 12 0.69
-3g5yACwYnA$_$3 supported 21 1.1
-3g5yACwYnA$_$9 supported 17 0.64
-3nNcZdcdvU$_$5 supported 16 0.61
-571d8cVauQ$_$0 supported 6 0.39
-571d8cVauQ$_$5 supported 41 1.16
-6rXp3zJ3kc$_$8 supported 29 0.93
-9y-fZ3swSY$_$0 supported 11 0.49
-9y-fZ3swSY$_$4 insufficient_evidence 0 0.26
-9y-fZ3swSY$_$8 supported 12 0.39
-AUZQgSxyPQ$_$2 insufficient_evidence 0 1.76
-HeZS2-Prhc$_$2 supported 11 0.58
-HwX2H8Z4hY$_$2 insufficient_evidence 0 0.29
-HwX2H8Z4hY$_$5 supported 7 0.4
-HwX2H8Z4hY$_$6 insufficient_evidence 0 0.26
-HwX2H8Z4hY$_$9 insufficient_evidence 0 0.57
-I_e4mIh0yE$_$1 supported 18 0.58
-I_e4mIh0yE$_$3 supported 17 0.66
-MeTTeMJBNc$_$0 supported 19 0.7
-MeTTeMJBNc$_$13 supported 12 0.39
-MeTTeMJBNc$_$7 supported 29 0.76
-NFrJFQijFE$_$1 no_informative_support 0 0.41
-NFrJFQijFE$_$2 no_informative_support 0 0.5
-RfYyzHpjk4$_$11 insufficient_evidence 0 0.43
-RfYyzHpjk4$_$2 supported 18 0.43
-RfYyzHpjk4$_$8 supported 16 0.34
-THoVjtIkeU$_$12 supported 37 1.15
-THoVjtIkeU$_$2 supported 10 0.32
-THoVjtIkeU$_$6 supported 27 0.59
-UUCSKoHeMA$_$0 supported 16 0.54
-UacrmKiTn4$_$10 supported 18 0.51
-UacrmKiTn4$_$4 supported 13 0.35
-UuX1xuaiiE$_$0 supported 7 0.29
-UuX1xuaiiE$_$1 supported 25 0.76
-UuX1xuaiiE$_$3 supported 7 0.31
-UuX1xuaiiE$_$6 supported 15 0.58
-a55Q6RWvTA$_$3 supported 60 1.71
-aNfi7CP8vM$_$7 supported 15 0.67
-aqamKhZ1Ec$_$0 insufficient_evidence 0 0.83
-dxfTGcXJoc$_$0 supported 30 1.58
-dxfTGcXJoc$_$1 supported 32 1.18
-dxfTGcXJoc$_$2 supported 32 1.59
-dxfTGcXJoc$_$6 supported 25 0.93
-egA8-b7-3M$_$1 supported 15 0.79
-egA8-b7-3M$_$13 supported 11 0.3
-egA8-b7-3M$_$16 supported 11 0.4
-egA8-b7-3M$_$17 supported 15 0.54
-egA8-b7-3M$_$18 supported 21 0.6
-egA8-b7-3M$_$20 supported 20 0.46
-egA8-b7-3M$_$26 supported 13 0.42
-egA8-b7-3M$_$6 supported 10 0.47
-egA8-b7-3M$_$9 supported 10 0.38
-hnBHBN8p5A$_$6 no_informative_support 0 0.5
-hnBHBN8p5A$_$7 no_informative_support 0 0.52
-iRBcNs9oI8$_$3 no_informative_support 0 0.4
-iRBcNs9oI8$_$6 no_informative_support 0 0.22
-iRBcNs9oI8$_$7 no_informative_support 0 0.32
-iRBcNs9oI8$_$8 no_informative_support 0 0.61
-iRBcNs9oI8$_$9 insufficient_evidence 0 0.26
-lzEya4AM_4$_$5 supported 16 0.53
-lzEya4AM_4$_$6 supported 38 1.09
-mJ2ud6oKI8$_$1 no_signal 0 0.04
-mJ2ud6oKI8$_$2 no_signal 0 0.05
-mJ2ud6oKI8$_$6 no_informative_support 0 0.2
-mJ2ud6oKI8$_$8 no_informative_support 0 0.31
-mJ2ud6oKI8$_$9 no_informative_support 0 0.48
-mqbVkbCndg$_$0 supported 14 0.45
-qDkUB0GgYY$_$6 supported 9 0.33
-ri04Z7vwnc$_$0 no_informative_support 0 0.27
-ri04Z7vwnc$_$2 no_informative_support 0 0.46
-ri04Z7vwnc$_$5 no_informative_support 0 0.25
-s9qJ7ATP7w$_$0 supported 16 0.48
-s9qJ7ATP7w$_$1 supported 10 0.33
-s9qJ7ATP7w$_$4 supported 7 0.31
-s9qJ7ATP7w$_$5 supported 19 0.64
-s9qJ7ATP7w$_$6 supported 5 0.2
-s9qJ7ATP7w$_$7 supported 19 0.49
-s9qJ7ATP7w$_$8 supported 9 0.24
-t217m2on-s$_$2 supported 11 0.41
-t217m2on-s$_$7 supported 43 1.36
-tANM6ETl_M$_$3 supported 20 0.49
-tPCytz4rww$_$10 supported 10 0.38
-tPCytz4rww$_$11 supported 15 0.43
-tPCytz4rww$_$12 supported 20 0.83
-tPCytz4rww$_$16 supported 13 0.49
-tPCytz4rww$_$18 supported 16 0.48
-uywlfIYOS8$_$4 supported 16 0.48
-vxjVxOeScU$_$4 supported 17 0.64
-wMB_hJL-3o$_$7 supported 22 0.42
-wny0OAz3g8$_$0 supported 9 0.26
-wny0OAz3g8$_$1 supported 22 0.49
-wny0OAz3g8$_$2 supported 23 0.49
-wny0OAz3g8$_$3 supported 19 0.46
-wny0OAz3g8$_$5 supported 18 0.5
-wny0OAz3g8$_$7 supported 25 0.59
-wny0OAz3g8$_$9 supported 17 0.45
-yRb-Jum7EQ$_$1 insufficient_evidence 0 2.32
-yRb-Jum7EQ$_$5 no_informative_support 0 0.95
-yRb-Jum7EQ$_$6 no_informative_support 0 0.78
